stm32f3xx_ll_rcc.c:240:13:LL_RCC_DeInit	0	static
stm32f3xx_ll_rcc.c:1048:10:RCC_GetHCLKClockFreq	0	static
stm32f3xx_ll_rcc.c:1059:10:RCC_GetPCLK1ClockFreq	0	static
stm32f3xx_ll_rcc.c:1070:10:RCC_GetPCLK2ClockFreq	0	static
stm32f3xx_ll_rcc.c:1080:10:RCC_PLL_GetFreqDomain_SYS	0	static,ignoring_inline_asm
stm32f3xx_ll_rcc.c:1016:10:RCC_GetSystemClockFreq	0	static
stm32f3xx_ll_rcc.c:328:6:LL_RCC_GetSystemClocksFreq	8	static
stm32f3xx_ll_rcc.c:354:10:LL_RCC_GetUSARTClockFreq	8	static
stm32f3xx_ll_rcc.c:560:10:LL_RCC_GetI2CClockFreq	0	static
stm32f3xx_ll_rcc.c:712:10:LL_RCC_GetADCClockFreq	16	static,ignoring_inline_asm
stm32f3xx_ll_rcc.c:825:10:LL_RCC_GetTIMClockFreq	8	static
